============================= test session starts =============================
platform win32 -- Python 3.13.7, pytest-9.0.2, pluggy-1.6.0 -- C:\Users\ASUS\AppData\Local\Programs\Python\Python313\python.exe
cachedir: .pytest_cache
rootdir: C:\Users\ASUS\Desktop\Core Medication Inventory Schema and Database Model
plugins: anyio-4.8.0, httpx-0.36.0
collecting ... collected 7 items

tests/medications/test_model.py::test_create_medication_success PASSED   [ 14%]
tests/medications/test_model.py::test_medication_name_cannot_be_null PASSED [ 28%]
tests/medications/test_model.py::test_medication_stock_quantity_defaults_to_zero PASSED [ 42%]
tests/medications/test_model.py::test_medication_is_active_defaults_to_true FAILED [ 57%]
tests/medications/test_model.py::test_duplicate_name_and_generic_name_raises_integrity_error PASSED [ 71%]
tests/medications/test_model.py::test_updated_at_changes_after_modification FAILED [ 85%]
tests/medications/test_model.py::test_expiration_date_accepts_valid_date FAILED [100%]

================================== FAILURES ===================================
_________________ test_medication_is_active_defaults_to_true __________________
..\..\AppData\Local\Programs\Python\Python313\Lib\site-packages\sqlalchemy\engine\base.py:1967: in _exec_single_context
    self.dialect.do_execute(
..\..\AppData\Local\Programs\Python\Python313\Lib\site-packages\sqlalchemy\engine\default.py:952: in do_execute
    cursor.execute(statement, parameters)
E   sqlite3.IntegrityError: UNIQUE constraint failed: medications.name, medications.generic_name

The above exception was the direct cause of the following exception:
tests\medications\test_model.py:133: in test_medication_is_active_defaults_to_true
    db_session.commit()
..\..\AppData\Local\Programs\Python\Python313\Lib\site-packages\sqlalchemy\orm\session.py:2030: in commit
    trans.commit(_to_root=True)
<string>:2: in commit
    ???
..\..\AppData\Local\Programs\Python\Python313\Lib\site-packages\sqlalchemy\orm\state_changes.py:137: in _go
    ret_value = fn(self, *arg, **kw)
                ^^^^^^^^^^^^^^^^^^^^
..\..\AppData\Local\Programs\Python\Python313\Lib\site-packages\sqlalchemy\orm\session.py:1311: in commit
    self._prepare_impl()
<string>:2: in _prepare_impl
    ???
..\..\AppData\Local\Programs\Python\Python313\Lib\site-packages\sqlalchemy\orm\state_changes.py:137: in _go
    ret_value = fn(self, *arg, **kw)
                ^^^^^^^^^^^^^^^^^^^^
..\..\AppData\Local\Programs\Python\Python313\Lib\site-packages\sqlalchemy\orm\session.py:1286: in _prepare_impl
    self.session.flush()
..\..\AppData\Local\Programs\Python\Python313\Lib\site-packages\sqlalchemy\orm\session.py:4331: in flush
    self._flush(objects)
..\..\AppData\Local\Programs\Python\Python313\Lib\site-packages\sqlalchemy\orm\session.py:4466: in _flush
    with util.safe_reraise():
         ^^^^^^^^^^^^^^^^^^^
..\..\AppData\Local\Programs\Python\Python313\Lib\site-packages\sqlalchemy\util\langhelpers.py:121: in __exit__
    raise exc_value.with_traceback(exc_tb)
..\..\AppData\Local\Programs\Python\Python313\Lib\site-packages\sqlalchemy\orm\session.py:4427: in _flush
    flush_context.execute()
..\..\AppData\Local\Programs\Python\Python313\Lib\site-packages\sqlalchemy\orm\unitofwork.py:466: in execute
    rec.execute(self)
..\..\AppData\Local\Programs\Python\Python313\Lib\site-packages\sqlalchemy\orm\unitofwork.py:642: in execute
    util.preloaded.orm_persistence.save_obj(
..\..\AppData\Local\Programs\Python\Python313\Lib\site-packages\sqlalchemy\orm\persistence.py:93: in save_obj
    _emit_insert_statements(
..\..\AppData\Local\Programs\Python\Python313\Lib\site-packages\sqlalchemy\orm\persistence.py:1233: in _emit_insert_statements
    result = connection.execute(
..\..\AppData\Local\Programs\Python\Python313\Lib\site-packages\sqlalchemy\engine\base.py:1419: in execute
    return meth(
..\..\AppData\Local\Programs\Python\Python313\Lib\site-packages\sqlalchemy\sql\elements.py:527: in _execute_on_connection
    return connection._execute_clauseelement(
..\..\AppData\Local\Programs\Python\Python313\Lib\site-packages\sqlalchemy\engine\base.py:1641: in _execute_clauseelement
    ret = self._execute_context(
..\..\AppData\Local\Programs\Python\Python313\Lib\site-packages\sqlalchemy\engine\base.py:1846: in _execute_context
    return self._exec_single_context(
..\..\AppData\Local\Programs\Python\Python313\Lib\site-packages\sqlalchemy\engine\base.py:1986: in _exec_single_context
    self._handle_dbapi_exception(
..\..\AppData\Local\Programs\Python\Python313\Lib\site-packages\sqlalchemy\engine\base.py:2363: in _handle_dbapi_exception
    raise sqlalchemy_exception.with_traceback(exc_info[2]) from e
..\..\AppData\Local\Programs\Python\Python313\Lib\site-packages\sqlalchemy\engine\base.py:1967: in _exec_single_context
    self.dialect.do_execute(
..\..\AppData\Local\Programs\Python\Python313\Lib\site-packages\sqlalchemy\engine\default.py:952: in do_execute
    cursor.execute(statement, parameters)
E   sqlalchemy.exc.IntegrityError: (sqlite3.IntegrityError) UNIQUE constraint failed: medications.name, medications.generic_name
E   [SQL: INSERT INTO medications (name, generic_name, dosage, unit, description, price, stock_quantity, min_stock_threshold, therapeutic_category_id, expiration_date, is_active) VALUES (?, ?, ?, ?, ?, ?, ?, ?, ?, ?, ?) RETURNING id, created_at, updated_at]
E   [parameters: ('Metformin', 'Metformin HCl', '850 mg', None, None, 3.2, 0, 0, None, None, 1)]
E   (Background on this error at: https://sqlalche.me/e/20/gkpj)
_________________ test_updated_at_changes_after_modification __________________
..\..\AppData\Local\Programs\Python\Python313\Lib\site-packages\sqlalchemy\engine\base.py:1967: in _exec_single_context
    self.dialect.do_execute(
..\..\AppData\Local\Programs\Python\Python313\Lib\site-packages\sqlalchemy\engine\default.py:952: in do_execute
    cursor.execute(statement, parameters)
E   sqlite3.IntegrityError: UNIQUE constraint failed: medications.name, medications.generic_name

The above exception was the direct cause of the following exception:
tests\medications\test_model.py:191: in test_updated_at_changes_after_modification
    db_session.commit()
..\..\AppData\Local\Programs\Python\Python313\Lib\site-packages\sqlalchemy\orm\session.py:2030: in commit
    trans.commit(_to_root=True)
<string>:2: in commit
    ???
..\..\AppData\Local\Programs\Python\Python313\Lib\site-packages\sqlalchemy\orm\state_changes.py:137: in _go
    ret_value = fn(self, *arg, **kw)
                ^^^^^^^^^^^^^^^^^^^^
..\..\AppData\Local\Programs\Python\Python313\Lib\site-packages\sqlalchemy\orm\session.py:1311: in commit
    self._prepare_impl()
<string>:2: in _prepare_impl
    ???
..\..\AppData\Local\Programs\Python\Python313\Lib\site-packages\sqlalchemy\orm\state_changes.py:137: in _go
    ret_value = fn(self, *arg, **kw)
                ^^^^^^^^^^^^^^^^^^^^
..\..\AppData\Local\Programs\Python\Python313\Lib\site-packages\sqlalchemy\orm\session.py:1286: in _prepare_impl
    self.session.flush()
..\..\AppData\Local\Programs\Python\Python313\Lib\site-packages\sqlalchemy\orm\session.py:4331: in flush
    self._flush(objects)
..\..\AppData\Local\Programs\Python\Python313\Lib\site-packages\sqlalchemy\orm\session.py:4466: in _flush
    with util.safe_reraise():
         ^^^^^^^^^^^^^^^^^^^
..\..\AppData\Local\Programs\Python\Python313\Lib\site-packages\sqlalchemy\util\langhelpers.py:121: in __exit__
    raise exc_value.with_traceback(exc_tb)
..\..\AppData\Local\Programs\Python\Python313\Lib\site-packages\sqlalchemy\orm\session.py:4427: in _flush
    flush_context.execute()
..\..\AppData\Local\Programs\Python\Python313\Lib\site-packages\sqlalchemy\orm\unitofwork.py:466: in execute
    rec.execute(self)
..\..\AppData\Local\Programs\Python\Python313\Lib\site-packages\sqlalchemy\orm\unitofwork.py:642: in execute
    util.preloaded.orm_persistence.save_obj(
..\..\AppData\Local\Programs\Python\Python313\Lib\site-packages\sqlalchemy\orm\persistence.py:93: in save_obj
    _emit_insert_statements(
..\..\AppData\Local\Programs\Python\Python313\Lib\site-packages\sqlalchemy\orm\persistence.py:1233: in _emit_insert_statements
    result = connection.execute(
..\..\AppData\Local\Programs\Python\Python313\Lib\site-packages\sqlalchemy\engine\base.py:1419: in execute
    return meth(
..\..\AppData\Local\Programs\Python\Python313\Lib\site-packages\sqlalchemy\sql\elements.py:527: in _execute_on_connection
    return connection._execute_clauseelement(
..\..\AppData\Local\Programs\Python\Python313\Lib\site-packages\sqlalchemy\engine\base.py:1641: in _execute_clauseelement
    ret = self._execute_context(
..\..\AppData\Local\Programs\Python\Python313\Lib\site-packages\sqlalchemy\engine\base.py:1846: in _execute_context
    return self._exec_single_context(
..\..\AppData\Local\Programs\Python\Python313\Lib\site-packages\sqlalchemy\engine\base.py:1986: in _exec_single_context
    self._handle_dbapi_exception(
..\..\AppData\Local\Programs\Python\Python313\Lib\site-packages\sqlalchemy\engine\base.py:2363: in _handle_dbapi_exception
    raise sqlalchemy_exception.with_traceback(exc_info[2]) from e
..\..\AppData\Local\Programs\Python\Python313\Lib\site-packages\sqlalchemy\engine\base.py:1967: in _exec_single_context
    self.dialect.do_execute(
..\..\AppData\Local\Programs\Python\Python313\Lib\site-packages\sqlalchemy\engine\default.py:952: in do_execute
    cursor.execute(statement, parameters)
E   sqlalchemy.exc.IntegrityError: (sqlite3.IntegrityError) UNIQUE constraint failed: medications.name, medications.generic_name
E   [SQL: INSERT INTO medications (name, generic_name, dosage, unit, description, price, stock_quantity, min_stock_threshold, therapeutic_category_id, expiration_date, is_active) VALUES (?, ?, ?, ?, ?, ?, ?, ?, ?, ?, ?) RETURNING id, created_at, updated_at]
E   [parameters: ('Metformin', 'Metformin HCl', '850 mg', None, None, 3.2, 50, 0, None, None, 1)]
E   (Background on this error at: https://sqlalche.me/e/20/gkpj)
___________________ test_expiration_date_accepts_valid_date ___________________
..\..\AppData\Local\Programs\Python\Python313\Lib\site-packages\sqlalchemy\engine\base.py:1967: in _exec_single_context
    self.dialect.do_execute(
..\..\AppData\Local\Programs\Python\Python313\Lib\site-packages\sqlalchemy\engine\default.py:952: in do_execute
    cursor.execute(statement, parameters)
E   sqlite3.IntegrityError: UNIQUE constraint failed: medications.name, medications.generic_name

The above exception was the direct cause of the following exception:
tests\medications\test_model.py:229: in test_expiration_date_accepts_valid_date
    db_session.commit()
..\..\AppData\Local\Programs\Python\Python313\Lib\site-packages\sqlalchemy\orm\session.py:2030: in commit
    trans.commit(_to_root=True)
<string>:2: in commit
    ???
..\..\AppData\Local\Programs\Python\Python313\Lib\site-packages\sqlalchemy\orm\state_changes.py:137: in _go
    ret_value = fn(self, *arg, **kw)
                ^^^^^^^^^^^^^^^^^^^^
..\..\AppData\Local\Programs\Python\Python313\Lib\site-packages\sqlalchemy\orm\session.py:1311: in commit
    self._prepare_impl()
<string>:2: in _prepare_impl
    ???
..\..\AppData\Local\Programs\Python\Python313\Lib\site-packages\sqlalchemy\orm\state_changes.py:137: in _go
    ret_value = fn(self, *arg, **kw)
                ^^^^^^^^^^^^^^^^^^^^
..\..\AppData\Local\Programs\Python\Python313\Lib\site-packages\sqlalchemy\orm\session.py:1286: in _prepare_impl
    self.session.flush()
..\..\AppData\Local\Programs\Python\Python313\Lib\site-packages\sqlalchemy\orm\session.py:4331: in flush
    self._flush(objects)
..\..\AppData\Local\Programs\Python\Python313\Lib\site-packages\sqlalchemy\orm\session.py:4466: in _flush
    with util.safe_reraise():
         ^^^^^^^^^^^^^^^^^^^
..\..\AppData\Local\Programs\Python\Python313\Lib\site-packages\sqlalchemy\util\langhelpers.py:121: in __exit__
    raise exc_value.with_traceback(exc_tb)
..\..\AppData\Local\Programs\Python\Python313\Lib\site-packages\sqlalchemy\orm\session.py:4427: in _flush
    flush_context.execute()
..\..\AppData\Local\Programs\Python\Python313\Lib\site-packages\sqlalchemy\orm\unitofwork.py:466: in execute
    rec.execute(self)
..\..\AppData\Local\Programs\Python\Python313\Lib\site-packages\sqlalchemy\orm\unitofwork.py:642: in execute
    util.preloaded.orm_persistence.save_obj(
..\..\AppData\Local\Programs\Python\Python313\Lib\site-packages\sqlalchemy\orm\persistence.py:93: in save_obj
    _emit_insert_statements(
..\..\AppData\Local\Programs\Python\Python313\Lib\site-packages\sqlalchemy\orm\persistence.py:1233: in _emit_insert_statements
    result = connection.execute(
..\..\AppData\Local\Programs\Python\Python313\Lib\site-packages\sqlalchemy\engine\base.py:1419: in execute
    return meth(
..\..\AppData\Local\Programs\Python\Python313\Lib\site-packages\sqlalchemy\sql\elements.py:527: in _execute_on_connection
    return connection._execute_clauseelement(
..\..\AppData\Local\Programs\Python\Python313\Lib\site-packages\sqlalchemy\engine\base.py:1641: in _execute_clauseelement
    ret = self._execute_context(
..\..\AppData\Local\Programs\Python\Python313\Lib\site-packages\sqlalchemy\engine\base.py:1846: in _execute_context
    return self._exec_single_context(
..\..\AppData\Local\Programs\Python\Python313\Lib\site-packages\sqlalchemy\engine\base.py:1986: in _exec_single_context
    self._handle_dbapi_exception(
..\..\AppData\Local\Programs\Python\Python313\Lib\site-packages\sqlalchemy\engine\base.py:2363: in _handle_dbapi_exception
    raise sqlalchemy_exception.with_traceback(exc_info[2]) from e
..\..\AppData\Local\Programs\Python\Python313\Lib\site-packages\sqlalchemy\engine\base.py:1967: in _exec_single_context
    self.dialect.do_execute(
..\..\AppData\Local\Programs\Python\Python313\Lib\site-packages\sqlalchemy\engine\default.py:952: in do_execute
    cursor.execute(statement, parameters)
E   sqlalchemy.exc.IntegrityError: (sqlite3.IntegrityError) UNIQUE constraint failed: medications.name, medications.generic_name
E   [SQL: INSERT INTO medications (name, generic_name, dosage, unit, description, price, stock_quantity, min_stock_threshold, therapeutic_category_id, expiration_date, is_active) VALUES (?, ?, ?, ?, ?, ?, ?, ?, ?, ?, ?) RETURNING id, created_at, updated_at]
E   [parameters: ('Metformin', 'Metformin HCl', '850 mg', None, None, 3.2, 0, 0, None, '2027-06-30', 1)]
E   (Background on this error at: https://sqlalche.me/e/20/gkpj)
============================== warnings summary ===============================
..\..\AppData\Local\Programs\Python\Python313\Lib\site-packages\starlette\formparsers.py:12
  C:\Users\ASUS\AppData\Local\Programs\Python\Python313\Lib\site-packages\starlette\formparsers.py:12: PendingDeprecationWarning: Please use `import python_multipart` instead.
    import multipart

-- Docs: https://docs.pytest.org/en/stable/how-to/capture-warnings.html
=========================== short test summary info ===========================
FAILED tests/medications/test_model.py::test_medication_is_active_defaults_to_true
FAILED tests/medications/test_model.py::test_updated_at_changes_after_modification
FAILED tests/medications/test_model.py::test_expiration_date_accepts_valid_date
=================== 3 failed, 4 passed, 1 warning in 1.56s ====================
